[qbf] path 0: 1288 vars, 6254 clauses, 20 X, 1268 Y -> /home/alan23273850/flag-analysis2/[[9,1,3]]_surface_code_seq/decoder/cadet/path_0.qdimacs
[qbf] running: python3 '/home/alan23273850/flag-analysis2/bull/trunk/Src/c_examples/qbf_pipeline.py' '/home/alan23273850/flag-analysis2/[[9,1,3]]_surface_code_seq/decoder/cadet/path_0.qdimacs' '/home/alan23273850/flag-analysis2/[[9,1,3]]_surface_code_seq/decoder/cadet/path_0.varmap' '/home/alan23273850/flag-analysis2/[[9,1,3]]_surface_code_seq/decoder/cadet/path_0.txt'
[qbf_pipeline] running cadet: /home/alan23273850/flag-analysis2/cadet/cadet -c /home/alan23273850/flag-analysis2/[[9,1,3]]_surface_code_seq/decoder/cadet/path_0.skolem.aag /home/alan23273850/flag-analysis2/[[9,1,3]]_surface_code_seq/decoder/cadet/path_0.qdimacs
[qbf_pipeline] ---- cadet output (tail) ----
    CADET v2.5
    Processing file "/home/alan23273850/flag-analysis2/[[9,1,3]]_surface_code_seq/decoder/cadet/path_0.qdimacs".
    SAT
[qbf_pipeline] -----------------------------
[qbf_pipeline] wrote /home/alan23273850/flag-analysis2/[[9,1,3]]_surface_code_seq/decoder/cadet/path_0.txt (18 decoders, cadet)
[qbf] path 1: 1881 vars, 10913 clauses, 32 X, 1849 Y -> /home/alan23273850/flag-analysis2/[[9,1,3]]_surface_code_seq/decoder/cadet/path_1.qdimacs
[qbf] running: python3 '/home/alan23273850/flag-analysis2/bull/trunk/Src/c_examples/qbf_pipeline.py' '/home/alan23273850/flag-analysis2/[[9,1,3]]_surface_code_seq/decoder/cadet/path_1.qdimacs' '/home/alan23273850/flag-analysis2/[[9,1,3]]_surface_code_seq/decoder/cadet/path_1.varmap' '/home/alan23273850/flag-analysis2/[[9,1,3]]_surface_code_seq/decoder/cadet/path_1.txt'
[qbf_pipeline] running cadet: /home/alan23273850/flag-analysis2/cadet/cadet -c /home/alan23273850/flag-analysis2/[[9,1,3]]_surface_code_seq/decoder/cadet/path_1.skolem.aag /home/alan23273850/flag-analysis2/[[9,1,3]]_surface_code_seq/decoder/cadet/path_1.qdimacs
[qbf_pipeline] ---- cadet output (tail) ----
    CADET v2.5
    Processing file "/home/alan23273850/flag-analysis2/[[9,1,3]]_surface_code_seq/decoder/cadet/path_1.qdimacs".
    SAT
[qbf_pipeline] -----------------------------
[qbf_pipeline] wrote /home/alan23273850/flag-analysis2/[[9,1,3]]_surface_code_seq/decoder/cadet/path_1.txt (18 decoders, cadet)
[qbf] path 2: 1948 vars, 12895 clauses, 32 X, 1916 Y -> /home/alan23273850/flag-analysis2/[[9,1,3]]_surface_code_seq/decoder/cadet/path_2.qdimacs
[qbf] running: python3 '/home/alan23273850/flag-analysis2/bull/trunk/Src/c_examples/qbf_pipeline.py' '/home/alan23273850/flag-analysis2/[[9,1,3]]_surface_code_seq/decoder/cadet/path_2.qdimacs' '/home/alan23273850/flag-analysis2/[[9,1,3]]_surface_code_seq/decoder/cadet/path_2.varmap' '/home/alan23273850/flag-analysis2/[[9,1,3]]_surface_code_seq/decoder/cadet/path_2.txt'
[qbf_pipeline] running cadet: /home/alan23273850/flag-analysis2/cadet/cadet -c /home/alan23273850/flag-analysis2/[[9,1,3]]_surface_code_seq/decoder/cadet/path_2.skolem.aag /home/alan23273850/flag-analysis2/[[9,1,3]]_surface_code_seq/decoder/cadet/path_2.qdimacs
[qbf_pipeline] ---- cadet output (tail) ----
    CADET v2.5
    Processing file "/home/alan23273850/flag-analysis2/[[9,1,3]]_surface_code_seq/decoder/cadet/path_2.qdimacs".
    SAT
[qbf_pipeline] -----------------------------
[qbf_pipeline] wrote /home/alan23273850/flag-analysis2/[[9,1,3]]_surface_code_seq/decoder/cadet/path_2.txt (18 decoders, cadet)
[qbf] path 3: 1881 vars, 10649 clauses, 32 X, 1849 Y -> /home/alan23273850/flag-analysis2/[[9,1,3]]_surface_code_seq/decoder/cadet/path_3.qdimacs
[qbf] running: python3 '/home/alan23273850/flag-analysis2/bull/trunk/Src/c_examples/qbf_pipeline.py' '/home/alan23273850/flag-analysis2/[[9,1,3]]_surface_code_seq/decoder/cadet/path_3.qdimacs' '/home/alan23273850/flag-analysis2/[[9,1,3]]_surface_code_seq/decoder/cadet/path_3.varmap' '/home/alan23273850/flag-analysis2/[[9,1,3]]_surface_code_seq/decoder/cadet/path_3.txt'
[qbf_pipeline] running cadet: /home/alan23273850/flag-analysis2/cadet/cadet -c /home/alan23273850/flag-analysis2/[[9,1,3]]_surface_code_seq/decoder/cadet/path_3.skolem.aag /home/alan23273850/flag-analysis2/[[9,1,3]]_surface_code_seq/decoder/cadet/path_3.qdimacs
[qbf_pipeline] ---- cadet output (tail) ----
    CADET v2.5
    Processing file "/home/alan23273850/flag-analysis2/[[9,1,3]]_surface_code_seq/decoder/cadet/path_3.qdimacs".
    SAT
[qbf_pipeline] -----------------------------
[qbf_pipeline] wrote /home/alan23273850/flag-analysis2/[[9,1,3]]_surface_code_seq/decoder/cadet/path_3.txt (18 decoders, cadet)
