[qbf] path 1: 916 vars, 3609 clauses, 12 X, 904 Y -> /home/alan23273850/flag-analysis2/[[5,1,3]]_origin/decoder/cadet/path_1.qdimacs
[qbf] running: python3 '/home/alan23273850/flag-analysis2/bull/trunk/Src/c_examples/qbf_pipeline.py' '/home/alan23273850/flag-analysis2/[[5,1,3]]_origin/decoder/cadet/path_1.qdimacs' '/home/alan23273850/flag-analysis2/[[5,1,3]]_origin/decoder/cadet/path_1.varmap' '/home/alan23273850/flag-analysis2/[[5,1,3]]_origin/decoder/cadet/path_1.txt'
[qbf_pipeline] running cadet: /home/alan23273850/flag-analysis2/cadet/cadet -c /home/alan23273850/flag-analysis2/[[5,1,3]]_origin/decoder/cadet/path_1.skolem.aag /home/alan23273850/flag-analysis2/[[5,1,3]]_origin/decoder/cadet/path_1.qdimacs
[qbf_pipeline] ---- cadet output (tail) ----
    CADET v2.5
    Processing file "/home/alan23273850/flag-analysis2/[[5,1,3]]_origin/decoder/cadet/path_1.qdimacs".
    SAT
[qbf_pipeline] -----------------------------
[qbf_pipeline] wrote /home/alan23273850/flag-analysis2/[[5,1,3]]_origin/decoder/cadet/path_1.txt (10 decoders, cadet)
[qbf] path 2: 802 vars, 3021 clauses, 10 X, 792 Y -> /home/alan23273850/flag-analysis2/[[5,1,3]]_origin/decoder/cadet/path_2.qdimacs
[qbf] running: python3 '/home/alan23273850/flag-analysis2/bull/trunk/Src/c_examples/qbf_pipeline.py' '/home/alan23273850/flag-analysis2/[[5,1,3]]_origin/decoder/cadet/path_2.qdimacs' '/home/alan23273850/flag-analysis2/[[5,1,3]]_origin/decoder/cadet/path_2.varmap' '/home/alan23273850/flag-analysis2/[[5,1,3]]_origin/decoder/cadet/path_2.txt'
[qbf_pipeline] running cadet: /home/alan23273850/flag-analysis2/cadet/cadet -c /home/alan23273850/flag-analysis2/[[5,1,3]]_origin/decoder/cadet/path_2.skolem.aag /home/alan23273850/flag-analysis2/[[5,1,3]]_origin/decoder/cadet/path_2.qdimacs
[qbf_pipeline] ---- cadet output (tail) ----
    CADET v2.5
    Processing file "/home/alan23273850/flag-analysis2/[[5,1,3]]_origin/decoder/cadet/path_2.qdimacs".
    SAT
[qbf_pipeline] -----------------------------
[qbf_pipeline] wrote /home/alan23273850/flag-analysis2/[[5,1,3]]_origin/decoder/cadet/path_2.txt (10 decoders, cadet)
[qbf] path 3: 686 vars, 2465 clauses, 8 X, 678 Y -> /home/alan23273850/flag-analysis2/[[5,1,3]]_origin/decoder/cadet/path_3.qdimacs
[qbf] running: python3 '/home/alan23273850/flag-analysis2/bull/trunk/Src/c_examples/qbf_pipeline.py' '/home/alan23273850/flag-analysis2/[[5,1,3]]_origin/decoder/cadet/path_3.qdimacs' '/home/alan23273850/flag-analysis2/[[5,1,3]]_origin/decoder/cadet/path_3.varmap' '/home/alan23273850/flag-analysis2/[[5,1,3]]_origin/decoder/cadet/path_3.txt'
[qbf_pipeline] running cadet: /home/alan23273850/flag-analysis2/cadet/cadet -c /home/alan23273850/flag-analysis2/[[5,1,3]]_origin/decoder/cadet/path_3.skolem.aag /home/alan23273850/flag-analysis2/[[5,1,3]]_origin/decoder/cadet/path_3.qdimacs
[qbf_pipeline] ---- cadet output (tail) ----
    CADET v2.5
    Processing file "/home/alan23273850/flag-analysis2/[[5,1,3]]_origin/decoder/cadet/path_3.qdimacs".
    SAT
[qbf_pipeline] -----------------------------
[qbf_pipeline] wrote /home/alan23273850/flag-analysis2/[[5,1,3]]_origin/decoder/cadet/path_3.txt (10 decoders, cadet)
[qbf] path 4: 569 vars, 1943 clauses, 6 X, 563 Y -> /home/alan23273850/flag-analysis2/[[5,1,3]]_origin/decoder/cadet/path_4.qdimacs
[qbf] running: python3 '/home/alan23273850/flag-analysis2/bull/trunk/Src/c_examples/qbf_pipeline.py' '/home/alan23273850/flag-analysis2/[[5,1,3]]_origin/decoder/cadet/path_4.qdimacs' '/home/alan23273850/flag-analysis2/[[5,1,3]]_origin/decoder/cadet/path_4.varmap' '/home/alan23273850/flag-analysis2/[[5,1,3]]_origin/decoder/cadet/path_4.txt'
[qbf_pipeline] running cadet: /home/alan23273850/flag-analysis2/cadet/cadet -c /home/alan23273850/flag-analysis2/[[5,1,3]]_origin/decoder/cadet/path_4.skolem.aag /home/alan23273850/flag-analysis2/[[5,1,3]]_origin/decoder/cadet/path_4.qdimacs
[qbf_pipeline] ---- cadet output (tail) ----
    CADET v2.5
    Processing file "/home/alan23273850/flag-analysis2/[[5,1,3]]_origin/decoder/cadet/path_4.qdimacs".
    SAT
[qbf_pipeline] -----------------------------
[qbf_pipeline] wrote /home/alan23273850/flag-analysis2/[[5,1,3]]_origin/decoder/cadet/path_4.txt (10 decoders, cadet)
